#-----------------------------------------------------------
# Vivado v2025.2 (64-bit)
# SW Build 6299465 on Fri Nov 14 19:35:11 GMT 2025
# IP Build 6300035 on Fri Nov 14 10:48:45 MST 2025
# SharedData Build 6298862 on Thu Nov 13 04:50:51 MST 2025
# Start of session at: Fri Feb  6 19:05:43 2026
# Process ID         : 8288
# Current directory  : C:/Users/hause/Documents/Vivado/Projects/Takuan/Takuan.runs/mb_block_umeboshi_0_2_synth_1
# Command line       : vivado.exe -log mb_block_umeboshi_0_2.vds -product Vivado -mode batch -messageDb vivado.pb -notrace -source mb_block_umeboshi_0_2.tcl
# Log file           : C:/Users/hause/Documents/Vivado/Projects/Takuan/Takuan.runs/mb_block_umeboshi_0_2_synth_1/mb_block_umeboshi_0_2.vds
# Journal file       : C:/Users/hause/Documents/Vivado/Projects/Takuan/Takuan.runs/mb_block_umeboshi_0_2_synth_1\vivado.jou
# Running On         : ponco2
# Platform           : Windows Server 2016 or Windows 10
# Operating System   : 26200
# Processor Detail   : Intel(R) Core(TM) Ultra 7 255H
# CPU Frequency      : 3686 MHz
# CPU Physical cores : 16
# CPU Logical cores  : 16
# Host memory        : 33811 MB
# Swap memory        : 2147 MB
# Total Virtual      : 35958 MB
# Available Virtual  : 15985 MB
#-----------------------------------------------------------
source mb_block_umeboshi_0_2.tcl -notrace
